Microchip MPLAB XC8 Compiler V2.32

Linker command line:

-W-3 --edf=C:\Program Files\Microchip\xc8\v2.32\pic\dat\en_msgs.txt -cn \
  -h+dist/default/production\60-0005_Pokeball.X.production.sym \
  --cmf=dist/default/production\60-0005_Pokeball.X.production.cmf -z \
  -Q18F26Q10 -oC:\Users\JUSTIN~1\AppData\Local\Temp\xcAs58s.4 \
  --defsym=__MPLAB_BUILD=1 \
  -Mdist/default/production/60-0005_Pokeball.X.production.map -E1 \
  -ver=XC8 Compiler --acfsm=1493 -ASTACK=060h-0E1Eh -pstack=STACK \
  -ACODE=00h-0FFFFh -ACONST=00h-0FFFFh -ASMALLCONST=0F00h-0FFFhx241 \
  -AMEDIUMCONST=0F00h-0FFFFh -ACOMRAM=01h-05Fh -AABS1=00h-0E1Eh \
  -ABIGRAM=01h-0E1Eh -ARAM=060h-0FFh,0100h-01FFhx13,0E00h-0E1Eh \
  -ABANK0=060h-0FFh -ABANK1=0100h-01FFh -ABANK2=0200h-02FFh \
  -ABANK3=0300h-03FFh -ABANK4=0400h-04FFh -ABANK5=0500h-05FFh \
  -ABANK6=0600h-06FFh -ABANK7=0700h-07FFh -ABANK8=0800h-08FFh \
  -ABANK9=0900h-09FFh -ABANK10=0A00h-0AFFh -ABANK11=0B00h-0BFFh \
  -ABANK12=0C00h-0CFFh -ABANK13=0D00h-0DFFh -ABANK14=0E00h-0E1Eh \
  -ASFR=0E1Fh-0EFFh,0F00h-0F5Fh,0F60h-0FFFh -ACONFIG=0300000h-030000Bh \
  -AIDLOC=0200000h-02000FFh -AEEDATA=0310000h-03103FFh -peeprom_data=EEDATA \
  -preset_vec=00h,intcode=08h,intcodelo,powerup,init -pramtop=0F00h \
  -psmallconst=SMALLCONST -pmediumconst=MEDIUMCONST -pconst=CONST \
  -AFARRAM=00h-00h \
  -prdata=COMRAM,nvrram=COMRAM,nvbit=COMRAM,rbss=COMRAM,rbit=COMRAM \
  -pfarbss=FARRAM,fardata=FARRAM,nvFARRAM=FARRAM \
  -pintsave_regs=BIGRAM,bigbss=BIGRAM,bigdata=BIGRAM -pbss=RAM \
  -pidata=CODE,irdata=CODE,ibigdata=CODE,ifardata=CODE -prparam=COMRAM \
  C:\Users\JUSTIN~1\AppData\Local\Temp\xcAs58s.o \
  dist/default/production\60-0005_Pokeball.X.production.o 

Object code version is 3.11

Machine type is 18F26Q10



                Name                               Link     Load   Length Selector   Space Scale
C:\Users\JUSTIN~1\AppData\Local\Temp\xcAs58s.o
                idloc                            200000   200000      100        0       5
                config                           300000   300000        C        0       4
                init                                 40       40        4        4       0
                reset_vec                             0        0        4        0       0
dist/default/production\60-0005_Pokeball.X.production.o
                intcode                               8        8       38        4       0
                idloc                            200000   200000      100        0       5
                config                           300000   300000        C        0       4
                temp                                  F        F        1        1       1
                text14                              21E      21E       16        4       0
                text13                              250      250        2        4       0
                text12                              12C      12C       32        4       0
                text10                              24C      24C        4        4       0
                text9                               1F0      1F0       18        4       0
                text8                                E2       E2       4A        4       0
                text7                               1A0      1A0       1C        4       0
                text6                               242      242        A        4       0
                text5                               15E      15E       24        4       0
                text4                               182      182       1E        4       0
                text3                               1D6      1D6       1A        4       0
                text2                                44       44       9E        4       0
                text1                               234      234        E        4       0
                text0                               208      208       16        4       0
                cstackCOMRAM                          9        9        4        1       1
                bssCOMRAM                             1        1        8        1       1
                cinit                               1BC      1BC       1A        4       0
                nvCOMRAM                              D        D        2        1       1

TOTAL           Name                               Link     Load   Length     Space
        CLASS   STACK          

        CLASS   CODE           
                intcode                               8        8       38         0
                init                                 40       40        4         0
                reset_vec                             0        0        4         0
                text14                              21E      21E       16         0
                text13                              250      250        2         0
                text12                              12C      12C       32         0
                text10                              24C      24C        4         0
                text9                               1F0      1F0       18         0
                text8                                E2       E2       4A         0
                text7                               1A0      1A0       1C         0
                text6                               242      242        A         0
                text5                               15E      15E       24         0
                text4                               182      182       1E         0
                text3                               1D6      1D6       1A         0
                text2                                44       44       9E         0
                text1                               234      234        E         0
                text0                               208      208       16         0
                cinit                               1BC      1BC       1A         0

        CLASS   CONST          

        CLASS   SMALLCONST     

        CLASS   MEDIUMCONST    

        CLASS   COMRAM         
                temp                                  F        F        1         1
                cstackCOMRAM                          9        9        4         1
                bssCOMRAM                             1        1        8         1
                nvCOMRAM                              D        D        2         1

        CLASS   ABS1           

        CLASS   BIGRAM         

        CLASS   RAM            

        CLASS   BANK0          

        CLASS   BANK1          

        CLASS   BANK2          

        CLASS   BANK3          

        CLASS   BANK4          

        CLASS   BANK5          

        CLASS   BANK6          

        CLASS   BANK7          

        CLASS   BANK8          

        CLASS   BANK9          

        CLASS   BANK10         

        CLASS   BANK11         

        CLASS   BANK12         

        CLASS   BANK13         

        CLASS   BANK14         

        CLASS   SFR            

        CLASS   CONFIG         
                config                           300000   300000        C         4

        CLASS   IDLOC          
                idloc                            200000   200000      100         5

        CLASS   EEDATA         

        CLASS   FARRAM         



SEGMENTS        Name                           Load    Length   Top    Selector   Space  Class

                reset_vec                      000000  000004  000004         0       0  CODE    
                bssCOMRAM                      000001  00000F  000010         1       1  COMRAM  
                intcode                        000008  00024A  000252         4       0  CODE    


UNUSED ADDRESS RANGES

        Name                Unused          Largest block    Delta
        BANK0            000060-0000FF               A0
        BANK1            000100-0001FF              100
        BANK10           000A00-000AFF              100
        BANK11           000B00-000BFF              100
        BANK12           000C00-000CFF              100
        BANK13           000D00-000DFF              100
        BANK14           000E00-000E1E               1F
        BANK2            000200-0002FF              100
        BANK3            000300-0003FF              100
        BANK4            000400-0004FF              100
        BANK5            000500-0005FF              100
        BANK6            000600-0006FF              100
        BANK7            000700-0007FF              100
        BANK8            000800-0008FF              100
        BANK9            000900-0009FF              100
        BIGRAM           000010-000E1E              E0F
        CODE             000004-000007                4
                         000252-00FFFF             FDAE
        COMRAM           000010-00005F               50
        CONST            000004-000007                4
                         000252-00FFFF             FDAE
        EEDATA           310000-3103FF              400
        MEDIUMCONST      000F00-00FFFF             F100
        RAM              000060-000E1E              100
        SFR              000E1F-000FFF               E1
        SMALLCONST       000F00-00FFFF              100
        STACK            000060-000E1E              DBF

                                  Symbol Table

TMR0_SetInterruptHandler@InterruptHandler cstackCOMRAM 00000B
_ANSELA                                   (abs)        000F0C
_ANSELB                                   (abs)        000F14
_ANSELC                                   (abs)        000F1C
_INLVLA                                   (abs)        000F08
_INLVLB                                   (abs)        000F10
_INLVLC                                   (abs)        000F18
_INLVLE                                   (abs)        000F25
_INTCONbits                               (abs)        000FF2
_INTERRUPT_Initialize                     text10       00024C
_INTERRUPT_InterruptManager               intcode      000008
_LATA                                     (abs)        000F82
_LATB                                     (abs)        000F83
_LATC                                     (abs)        000F84
_LATCbits                                 (abs)        000F84
_ODCONA                                   (abs)        000F0A
_ODCONB                                   (abs)        000F12
_ODCONC                                   (abs)        000F1A
_OSCCON1                                  (abs)        000ED3
_OSCCON3                                  (abs)        000ED5
_OSCEN                                    (abs)        000ED7
_OSCFRQ                                   (abs)        000ED9
_OSCILLATOR_Initialize                    text9        0001F0
_OSCTUNE                                  (abs)        000ED8
_PIE0bits                                 (abs)        000EBD
_PIN_MANAGER_Initialize                   text8        0000E2
_PIR0bits                                 (abs)        000EC5
_PIR4bits                                 (abs)        000EC9
_PMD0                                     (abs)        000EDC
_PMD1                                     (abs)        000EDD
_PMD2                                     (abs)        000EDE
_PMD3                                     (abs)        000EDF
_PMD4                                     (abs)        000EE0
_PMD5                                     (abs)        000EE1
_PMD_Initialize                           text7        0001A0
_PR2                                      (abs)        000FBB
_SLRCONA                                  (abs)        000F09
_SLRCONB                                  (abs)        000F11
_SLRCONC                                  (abs)        000F19
_SYSTEM_Initialize                        text3        0001D6
_T0CON0                                   (abs)        000FD4
_T0CON0bits                               (abs)        000FD4
_T0CON1                                   (abs)        000FD5
_T2CLKCON                                 (abs)        000FBE
_T2CON                                    (abs)        000FBC
_T2CONbits                                (abs)        000FBC
_T2HLT                                    (abs)        000FBD
_T2HLTbits                                (abs)        000FBD
_T2PR                                     (abs)        000FBB
_T2RST                                    (abs)        000FBF
_T2RSTbits                                (abs)        000FBF
_T2TMR                                    (abs)        000FBA
_TMR0H                                    (abs)        000FD3
_TMR0L                                    (abs)        000FD2
_TMR0_DefaultInterruptHandler             text13       000250
_TMR0_ISR                                 text12       00012C
_TMR0_Initialize                          text5        00015E
_TMR0_InterruptHandler                    nvCOMRAM     00000D
_TMR0_SetInterruptHandler                 text6        000242
_TMR2                                     (abs)        000FBA
_TMR2_Initialize                          text4        000182
_TRISA                                    (abs)        000F87
_TRISB                                    (abs)        000F88
_TRISC                                    (abs)        000F89
_WPUA                                     (abs)        000F0B
_WPUB                                     (abs)        000F13
_WPUC                                     (abs)        000F1B
_WPUE                                     (abs)        000F28
__HRAM                                    (abs)        000000
__Habs1                                   abs1         000000
__Hbank0                                  bank0        000000
__Hbank1                                  bank1        000000
__Hbank10                                 bank10       000000
__Hbank11                                 bank11       000000
__Hbank12                                 bank12       000000
__Hbank13                                 bank13       000000
__Hbank14                                 bank14       000000
__Hbank2                                  bank2        000000
__Hbank3                                  bank3        000000
__Hbank4                                  bank4        000000
__Hbank5                                  bank5        000000
__Hbank6                                  bank6        000000
__Hbank7                                  bank7        000000
__Hbank8                                  bank8        000000
__Hbank9                                  bank9        000000
__Hbigbss                                 bigbss       000000
__Hbigdata                                bigdata      000000
__Hbigram                                 bigram       000000
__Hbss                                    bss          000000
__HbssCOMRAM                              bssCOMRAM    000000
__Hcinit                                  cinit        000000
__Hclrtext                                clrtext      000000
__Hcomram                                 comram       000000
__Hconfig                                 config       30000C
__Hconst                                  const        000000
__HcstackCOMRAM                           cstackCOMRAM 000000
__Hdata                                   data         000000
__Heeprom_data                            eeprom_data  000000
__Hfarbss                                 farbss       000000
__Hfardata                                fardata      000000
__Hibigdata                               ibigdata     000000
__Hidata                                  idata        000000
__Hidloc                                  idloc        200100
__Hifardata                               ifardata     000000
__Hinit                                   init         000044
__Hintcode                                intcode      000040
__Hintcode_body                           intcode_body 000000
__Hintcodelo                              intcodelo    000040
__Hintentry                               intentry     000000
__Hintret                                 intret       000000
__Hintsave_regs                           intsave_regs 000000
__Hirdata                                 irdata       000000
__Hmediumconst                            mediumconst  000000
__HnvCOMRAM                               nvCOMRAM     000000
__HnvFARRAM                               nvFARRAM     000000
__Hnvbit                                  nvbit        000000
__Hnvrram                                 nvrram       000000
__Hparam                                  rparam       000000
__Hpowerup                                powerup      000040
__Hram                                    ram          000000
__Hramtop                                 ramtop       000F00
__Hrbit                                   rbit         000000
__Hrbss                                   rbss         000000
__Hrdata                                  rdata        000000
__Hreset_vec                              reset_vec    000004
__Hrparam                                 rparam       000000
__Hsfr                                    sfr          000000
__Hsmallconst                             smallconst   000000
__Hspace_0                                (abs)        000F00
__Hspace_1                                (abs)        000010
__Hspace_2                                (abs)        000000
__Hspace_4                                (abs)        60000C
__Hstack                                  stack        000000
__Hstruct                                 struct       000000
__Htemp                                   temp         000010
__Htext                                   text         000000
__Htext0                                  text0        000000
__Htext1                                  text1        000000
__Htext10                                 text10       000000
__Htext12                                 text12       000000
__Htext13                                 text13       000000
__Htext14                                 text14       000000
__Htext15                                 text15       000000
__Htext2                                  text2        000000
__Htext3                                  text3        000000
__Htext4                                  text4        000000
__Htext5                                  text5        000000
__Htext6                                  text6        000000
__Htext7                                  text7        000000
__Htext8                                  text8        000000
__Htext9                                  text9        000000
__LRAM                                    (abs)        000001
__Labs1                                   abs1         000000
__Lbank0                                  bank0        000000
__Lbank1                                  bank1        000000
__Lbank10                                 bank10       000000
__Lbank11                                 bank11       000000
__Lbank12                                 bank12       000000
__Lbank13                                 bank13       000000
__Lbank14                                 bank14       000000
__Lbank2                                  bank2        000000
__Lbank3                                  bank3        000000
__Lbank4                                  bank4        000000
__Lbank5                                  bank5        000000
__Lbank6                                  bank6        000000
__Lbank7                                  bank7        000000
__Lbank8                                  bank8        000000
__Lbank9                                  bank9        000000
__Lbigbss                                 bigbss       000000
__Lbigdata                                bigdata      000000
__Lbigram                                 bigram       000000
__Lbss                                    bss          000000
__LbssCOMRAM                              bssCOMRAM    000000
__Lcinit                                  cinit        000000
__Lclrtext                                clrtext      000000
__Lcomram                                 comram       000000
__Lconfig                                 config       000000
__Lconst                                  const        000000
__LcstackCOMRAM                           cstackCOMRAM 000000
__Ldata                                   data         000000
__Leeprom_data                            eeprom_data  000000
__Lfarbss                                 farbss       000000
__Lfardata                                fardata      000000
__Libigdata                               ibigdata     000000
__Lidata                                  idata        000000
__Lidloc                                  idloc        000000
__Lifardata                               ifardata     000000
__Linit                                   init         000040
__Lintcode                                intcode      000008
__Lintcode_body                           intcode_body 000000
__Lintcodelo                              intcodelo    000040
__Lintentry                               intentry     000000
__Lintret                                 intret       000000
__Lintsave_regs                           intsave_regs 000000
__Lirdata                                 irdata       000000
__Lmediumconst                            mediumconst  000000
__LnvCOMRAM                               nvCOMRAM     000000
__LnvFARRAM                               nvFARRAM     000000
__Lnvbit                                  nvbit        000000
__Lnvrram                                 nvrram       000000
__Lparam                                  rparam       000000
__Lpowerup                                powerup      000040
__Lram                                    ram          000000
__Lramtop                                 ramtop       000F00
__Lrbit                                   rbit         000000
__Lrbss                                   rbss         000000
__Lrdata                                  rdata        000000
__Lreset_vec                              reset_vec    000000
__Lrparam                                 rparam       000000
__Lsfr                                    sfr          000000
__Lsmallconst                             smallconst   000000
__Lspace_0                                (abs)        000000
__Lspace_1                                (abs)        000000
__Lspace_2                                (abs)        000000
__Lspace_4                                (abs)        000000
__Lstack                                  stack        000000
__Lstruct                                 struct       000000
__Ltemp                                   temp         00000F
__Ltext                                   text         000000
__Ltext0                                  text0        000000
__Ltext1                                  text1        000000
__Ltext10                                 text10       000000
__Ltext12                                 text12       000000
__Ltext13                                 text13       000000
__Ltext14                                 text14       000000
__Ltext15                                 text15       000000
__Ltext2                                  text2        000000
__Ltext3                                  text3        000000
__Ltext4                                  text4        000000
__Ltext5                                  text5        000000
__Ltext6                                  text6        000000
__Ltext7                                  text7        000000
__Ltext8                                  text8        000000
__Ltext9                                  text9        000000
__S0                                      (abs)        000252
__S1                                      (abs)        000010
__S2                                      (abs)        000000
__S4                                      (abs)        000000
__S5                                      (abs)        000000
___inthi_sp                               stack        000000
___intlo_sp                               stack        000000
___param_bank                             (abs)        000000
___rparam_used                            (abs)        000001
___sp                                     stack        000000
__accesstop                               (abs)        000060
__activetblptr                            (abs)        000002
__end_of_INTERRUPT_Initialize             text10       000250
__end_of_INTERRUPT_InterruptManager       intcode      000040
__end_of_OSCILLATOR_Initialize            text9        000208
__end_of_PIN_MANAGER_Initialize           text8        00012C
__end_of_PMD_Initialize                   text7        0001BC
__end_of_SYSTEM_Initialize                text3        0001F0
__end_of_TMR0_DefaultInterruptHandler     text13       000252
__end_of_TMR0_ISR                         text12       00015E
__end_of_TMR0_Initialize                  text5        000182
__end_of_TMR0_SetInterruptHandler         text6        00024C
__end_of_TMR2_Initialize                  text4        0001A0
__end_of__initialization                  cinit        0001C8
__end_of_appHandler                       text2        0000E2
__end_of_appInit                          text1        000242
__end_of_main                             text0        00021E
__end_of_msTick                           text14       000234
__initialization                          cinit        0001BC
__mediumconst                             mediumconst  000000
__pbssCOMRAM                              bssCOMRAM    000001
__pcinit                                  cinit        0001BC
__pcstackCOMRAM                           cstackCOMRAM 000009
__pintcode                                intcode      000008
__pnvCOMRAM                               nvCOMRAM     00000D
__ptext0                                  text0        000208
__ptext1                                  text1        000234
__ptext10                                 text10       00024C
__ptext12                                 text12       00012C
__ptext13                                 text13       000250
__ptext14                                 text14       00021E
__ptext15                                 text15       000000
__ptext2                                  text2        000044
__ptext3                                  text3        0001D6
__ptext4                                  text4        000182
__ptext5                                  text5        00015E
__ptext6                                  text6        000242
__ptext7                                  text7        0001A0
__ptext8                                  text8        0000E2
__ptext9                                  text9        0001F0
__ramtop                                  ramtop       000F00
__size_of_INTERRUPT_Initialize            (abs)        000000
__size_of_INTERRUPT_InterruptManager      (abs)        000000
__size_of_OSCILLATOR_Initialize           (abs)        000000
__size_of_PIN_MANAGER_Initialize          (abs)        000000
__size_of_PMD_Initialize                  (abs)        000000
__size_of_SYSTEM_Initialize               (abs)        000000
__size_of_TMR0_DefaultInterruptHandler    (abs)        000000
__size_of_TMR0_ISR                        (abs)        000000
__size_of_TMR0_Initialize                 (abs)        000000
__size_of_TMR0_SetInterruptHandler        (abs)        000000
__size_of_TMR2_Initialize                 (abs)        000000
__size_of_appHandler                      (abs)        000000
__size_of_appInit                         (abs)        000000
__size_of_main                            (abs)        000000
__size_of_msTick                          (abs)        000000
__smallconst                              smallconst   000000
_appHandler                               text2        000044
_appInit                                  text1        000234
_main                                     text0        000208
_msTick                                   text14       00021E
_msTicks                                  bssCOMRAM    000001
btemp                                     temp         00000F
end_of_initialization                     cinit        0001C8
int$flags                                 temp         00000F
intlevel0                                 text         000000
intlevel1                                 text         000000
intlevel2                                 text         000000
intlevel3                                 text         000000
isa$std                                   (abs)        000001
isa$xinst                                 (abs)        000000
stackhi                                   (abs)        000E1E
stacklo                                   (abs)        000060
start                                     init         000040
start_initialization                      cinit        0001BC
ttemp5                                    temp         000010
ttemp6                                    temp         000013
ttemp7                                    temp         000017
wtemp8                                    temp         000010


MODULE INFORMATION

Module		Function		Class		Link	Load	Size
mcc_generated_files/tmr2.c
		_TMR2_Initialize		CODE           	0182	0000	30

mcc_generated_files/tmr2.c estimated size: 30

mcc_generated_files/interrupt_manager.c
		_INTERRUPT_Initialize		CODE           	024C	0000	4
		_INTERRUPT_InterruptManager		CODE           	0008	0000	56

mcc_generated_files/interrupt_manager.c estimated size: 60

mcc_generated_files/tmr0.c
		_TMR0_SetInterruptHandler		CODE           	0242	0000	10
		_TMR0_DefaultInterruptHandler		CODE           	0250	0000	2
		_TMR0_ISR      		CODE           	012C	0000	50
		_TMR0_Initialize		CODE           	015E	0000	36

mcc_generated_files/tmr0.c estimated size: 98

mcc_generated_files/pin_manager.c
		_PIN_MANAGER_Initialize		CODE           	00E2	0000	74

mcc_generated_files/pin_manager.c estimated size: 74

shared
		__initialization		CODE           	01BC	0000	12

shared estimated size: 12

app.c
		_msTick        		CODE           	021E	0000	22
		_appInit       		CODE           	0234	0000	14
		_appHandler    		CODE           	0044	0000	158

app.c estimated size: 194

mcc_generated_files/mcc.c
		_PMD_Initialize		CODE           	01A0	0000	28
		_OSCILLATOR_Initialize		CODE           	01F0	0000	24
		_SYSTEM_Initialize		CODE           	01D6	0000	26

mcc_generated_files/mcc.c estimated size: 78

main.c
		_main          		CODE           	0208	0000	22

main.c estimated size: 22

