Microchip MPLAB XC8 Compiler V2.32

Linker command line:

-W-3 --edf=C:\Program Files\Microchip\xc8\v2.32\pic\dat\en_msgs.txt -cn \
  -h+dist/default/production\60-0005_Pokeball.X.production.sym \
  --cmf=dist/default/production\60-0005_Pokeball.X.production.cmf -z \
  -Q18F26Q10 -oC:\Users\JUSTIN~1\AppData\Local\Temp\xcAso0k.4 \
  --defsym=__MPLAB_BUILD=1 \
  -Mdist/default/production/60-0005_Pokeball.X.production.map -E1 \
  -ver=XC8 Compiler --acfsm=1493 -ASTACK=060h-0E1Eh -pstack=STACK \
  -ACODE=00h-0FFFFh -ACONST=00h-0FFFFh -ASMALLCONST=0F00h-0FFFhx241 \
  -AMEDIUMCONST=0F00h-0FFFFh -ACOMRAM=01h-05Fh -AABS1=00h-0E1Eh \
  -ABIGRAM=01h-0E1Eh -ARAM=060h-0FFh,0100h-01FFhx13,0E00h-0E1Eh \
  -ABANK0=060h-0FFh -ABANK1=0100h-01FFh -ABANK2=0200h-02FFh \
  -ABANK3=0300h-03FFh -ABANK4=0400h-04FFh -ABANK5=0500h-05FFh \
  -ABANK6=0600h-06FFh -ABANK7=0700h-07FFh -ABANK8=0800h-08FFh \
  -ABANK9=0900h-09FFh -ABANK10=0A00h-0AFFh -ABANK11=0B00h-0BFFh \
  -ABANK12=0C00h-0CFFh -ABANK13=0D00h-0DFFh -ABANK14=0E00h-0E1Eh \
  -ASFR=0E1Fh-0EFFh,0F00h-0F5Fh,0F60h-0FFFh -ACONFIG=0300000h-030000Bh \
  -AIDLOC=0200000h-02000FFh -AEEDATA=0310000h-03103FFh -peeprom_data=EEDATA \
  -preset_vec=00h,intcode=08h,intcodelo,powerup,init -pramtop=0F00h \
  -psmallconst=SMALLCONST -pmediumconst=MEDIUMCONST -pconst=CONST \
  -AFARRAM=00h-00h \
  -prdata=COMRAM,nvrram=COMRAM,nvbit=COMRAM,rbss=COMRAM,rbit=COMRAM \
  -pfarbss=FARRAM,fardata=FARRAM,nvFARRAM=FARRAM \
  -pintsave_regs=BIGRAM,bigbss=BIGRAM,bigdata=BIGRAM -pbss=RAM \
  -pidata=CODE,irdata=CODE,ibigdata=CODE,ifardata=CODE -prparam=COMRAM \
  C:\Users\JUSTIN~1\AppData\Local\Temp\xcAso0k.o \
  dist/default/production\60-0005_Pokeball.X.production.o 

Object code version is 3.11

Machine type is 18F26Q10



                Name                               Link     Load   Length Selector   Space Scale
C:\Users\JUSTIN~1\AppData\Local\Temp\xcAso0k.o
                idloc                            200000   200000      100        0       5
                config                           300000   300000        C        0       4
                init                                 76       76        4        4       0
                reset_vec                             0        0        4        0       0
dist/default/production\60-0005_Pokeball.X.production.o
                intcode                               8        8       6E        4       0
                idloc                            200000   200000      100        0       5
                config                           300000   300000        C        0       4
                temp                                 38       38        1        1       1
                text32                              4BA      4BA       26        4       0
                text31                              532      532       1A        4       0
                text30                              5EE      5EE        2        4       0
                text29                              410      410       2E        4       0
                text28                              5A0      5A0       12        4       0
                text27                              5EC      5EC        2        4       0
                text26                              3B0      3B0       32        4       0
                text24                              5E8      5E8        4        4       0
                text23                              54C      54C       18        4       0
                text22                              2B4      2B4       5A        4       0
                text21                              4FC      4FC       1C        4       0
                text20                              58C      58C       14        4       0
                text19                              578      578       14        4       0
                text18                              564      564       14        4       0
                text17                              5CC      5CC        A        4       0
                text16                              30E      30E       3A        4       0
                text15                              5C2      5C2        A        4       0
                text14                              46A      46A       2A        4       0
                text13                              494      494       26        4       0
                text12                              5E4      5E4        4        4       0
                text11                              5D6      5D6        6        4       0
                text10                              5E0      5E0        4        4       0
                text9                               5DC      5DC        4        4       0
                text8                               3E2      3E2       2E        4       0
                text7                               37C      37C       34        4       0
                text6                               348      348       34        4       0
                text5                               258      258       5C        4       0
                text4                               194      194       C4        4       0
                text3                               5B2      5B2       10        4       0
                text2                                7A       7A      11A        4       0
                text1                               43E      43E       2C        4       0
                text0                               4E0      4E0       1C        4       0
                cstackCOMRAM                         25       25        D        1       1
                bssCOMRAM                             1        1       24        1       1
                cinit                               518      518       1A        4       0
                nvCOMRAM                             32       32        6        1       1

TOTAL           Name                               Link     Load   Length     Space
        CLASS   STACK          

        CLASS   CODE           
                intcode                               8        8       6E         0
                init                                 76       76        4         0
                reset_vec                             0        0        4         0
                text32                              4BA      4BA       26         0
                text31                              532      532       1A         0
                text30                              5EE      5EE        2         0
                text29                              410      410       2E         0
                text28                              5A0      5A0       12         0
                text27                              5EC      5EC        2         0
                text26                              3B0      3B0       32         0
                text24                              5E8      5E8        4         0
                text23                              54C      54C       18         0
                text22                              2B4      2B4       5A         0
                text21                              4FC      4FC       1C         0
                text20                              58C      58C       14         0
                text19                              578      578       14         0
                text18                              564      564       14         0
                text17                              5CC      5CC        A         0
                text16                              30E      30E       3A         0
                text15                              5C2      5C2        A         0
                text14                              46A      46A       2A         0
                text13                              494      494       26         0
                text12                              5E4      5E4        4         0
                text11                              5D6      5D6        6         0
                text10                              5E0      5E0        4         0
                text9                               5DC      5DC        4         0
                text8                               3E2      3E2       2E         0
                text7                               37C      37C       34         0
                text6                               348      348       34         0
                text5                               258      258       5C         0
                text4                               194      194       C4         0
                text3                               5B2      5B2       10         0
                text2                                7A       7A      11A         0
                text1                               43E      43E       2C         0
                text0                               4E0      4E0       1C         0
                cinit                               518      518       1A         0

        CLASS   CONST          

        CLASS   SMALLCONST     

        CLASS   MEDIUMCONST    

        CLASS   COMRAM         
                temp                                 38       38        1         1
                cstackCOMRAM                         25       25        D         1
                bssCOMRAM                             1        1       24         1
                nvCOMRAM                             32       32        6         1

        CLASS   ABS1           

        CLASS   BIGRAM         

        CLASS   RAM            

        CLASS   BANK0          

        CLASS   BANK1          

        CLASS   BANK2          

        CLASS   BANK3          

        CLASS   BANK4          

        CLASS   BANK5          

        CLASS   BANK6          

        CLASS   BANK7          

        CLASS   BANK8          

        CLASS   BANK9          

        CLASS   BANK10         

        CLASS   BANK11         

        CLASS   BANK12         

        CLASS   BANK13         

        CLASS   BANK14         

        CLASS   SFR            

        CLASS   CONFIG         
                config                           300000   300000        C         4

        CLASS   IDLOC          
                idloc                            200000   200000      100         5

        CLASS   EEDATA         

        CLASS   FARRAM         



SEGMENTS        Name                           Load    Length   Top    Selector   Space  Class

                reset_vec                      000000  000004  000004         0       0  CODE    
                bssCOMRAM                      000001  000038  000039         1       1  COMRAM  
                intcode                        000008  0005E8  0005F0         4       0  CODE    


UNUSED ADDRESS RANGES

        Name                Unused          Largest block    Delta
        BANK0            000060-0000FF               A0
        BANK1            000100-0001FF              100
        BANK10           000A00-000AFF              100
        BANK11           000B00-000BFF              100
        BANK12           000C00-000CFF              100
        BANK13           000D00-000DFF              100
        BANK14           000E00-000E1E               1F
        BANK2            000200-0002FF              100
        BANK3            000300-0003FF              100
        BANK4            000400-0004FF              100
        BANK5            000500-0005FF              100
        BANK6            000600-0006FF              100
        BANK7            000700-0007FF              100
        BANK8            000800-0008FF              100
        BANK9            000900-0009FF              100
        BIGRAM           000039-000E1E              DE6
        CODE             000004-000007                4
                         0005F0-00FFFF             FA10
        COMRAM           000039-00005F               27
        CONST            000004-000007                4
                         0005F0-00FFFF             FA10
        EEDATA           310000-3103FF              400
        MEDIUMCONST      000F00-00FFFF             F100
        RAM              000060-000E1E              100
        SFR              000E1F-000FFF               E1
        SMALLCONST       000F00-00FFFF              100
        STACK            000060-000E1E              DBF

                                  Symbol Table

PWM1_LoadDutyValue@dutyValue              cstackCOMRAM 000027
PWM3_LoadDutyValue@dutyValue              cstackCOMRAM 000027
PWM4_LoadDutyValue@dutyValue              cstackCOMRAM 000027
TMR0_SetInterruptHandler@InterruptHandler cstackCOMRAM 000027
TMR4_SetInterruptHandler@InterruptHandler cstackCOMRAM 000027
_ANSELA                                   (abs)        000F0C
_ANSELB                                   (abs)        000F14
_ANSELC                                   (abs)        000F1C
_CCP1CON                                  (abs)        000FAB
_CCP1CONbits                              (abs)        000FAB
_CCPR1H                                   (abs)        000FAA
_CCPR1L                                   (abs)        000FA9
_CCPTMRSbits                              (abs)        000FAD
_INLVLA                                   (abs)        000F08
_INLVLB                                   (abs)        000F10
_INLVLC                                   (abs)        000F18
_INLVLE                                   (abs)        000F25
_INTCONbits                               (abs)        000FF2
_INTERRUPT_Initialize                     text24       0005E8
_INTERRUPT_InterruptManager               intcode      000008
_LATA                                     (abs)        000F82
_LATB                                     (abs)        000F83
_LATC                                     (abs)        000F84
_ODCONA                                   (abs)        000F0A
_ODCONB                                   (abs)        000F12
_ODCONC                                   (abs)        000F1A
_OSCCON1                                  (abs)        000ED3
_OSCCON3                                  (abs)        000ED5
_OSCEN                                    (abs)        000ED7
_OSCFRQ                                   (abs)        000ED9
_OSCILLATOR_Initialize                    text23       00054C
_OSCTUNE                                  (abs)        000ED8
_PIE0bits                                 (abs)        000EBD
_PIE4bits                                 (abs)        000EC1
_PIN_MANAGER_Initialize                   text22       0002B4
_PIR0bits                                 (abs)        000EC5
_PIR4bits                                 (abs)        000EC9
_PMD0                                     (abs)        000EDC
_PMD1                                     (abs)        000EDD
_PMD2                                     (abs)        000EDE
_PMD3                                     (abs)        000EDF
_PMD4                                     (abs)        000EE0
_PMD5                                     (abs)        000EE1
_PMD_Initialize                           text21       0004FC
_PORTAbits                                (abs)        000F8C
_PR4                                      (abs)        000FB5
_PWM1_Initialize                          text20       00058C
_PWM1_LoadDutyValue                       text8        0003E2
_PWM3CON                                  (abs)        000FA4
_PWM3DCH                                  (abs)        000FA3
_PWM3DCL                                  (abs)        000FA2
_PWM3_Initialize                          text19       000578
_PWM3_LoadDutyValue                       text7        00037C
_PWM4CON                                  (abs)        000FA1
_PWM4DCH                                  (abs)        000FA0
_PWM4DCL                                  (abs)        000F9F
_PWM4_Initialize                          text18       000564
_PWM4_LoadDutyValue                       text6        000348
_RC1PPS                                   (abs)        000EF3
_RC3PPS                                   (abs)        000EF5
_RC5PPS                                   (abs)        000EF7
_SLRCONA                                  (abs)        000F09
_SLRCONB                                  (abs)        000F11
_SLRCONC                                  (abs)        000F19
_SYSTEM_Initialize                        text13       000494
_T0CON0                                   (abs)        000FD4
_T0CON0bits                               (abs)        000FD4
_T0CON1                                   (abs)        000FD5
_T4CLKCON                                 (abs)        000FB8
_T4CON                                    (abs)        000FB6
_T4CONbits                                (abs)        000FB6
_T4HLT                                    (abs)        000FB7
_T4HLTbits                                (abs)        000FB7
_T4PR                                     (abs)        000FB5
_T4RST                                    (abs)        000FB9
_T4RSTbits                                (abs)        000FB9
_T4TMR                                    (abs)        000FB4
_TMR0H                                    (abs)        000FD3
_TMR0L                                    (abs)        000FD2
_TMR0_CallBack                            text29       000410
_TMR0_DefaultInterruptHandler             text30       0005EE
_TMR0_ISR                                 text28       0005A0
_TMR0_Initialize                          text16       00030E
_TMR0_InterruptHandler                    nvCOMRAM     000034
_TMR0_SetInterruptHandler                 text17       0005CC
_TMR4                                     (abs)        000FB4
_TMR4_DefaultInterruptHandler             text27       0005EC
_TMR4_ISR                                 text26       0003B0
_TMR4_Initialize                          text14       00046A
_TMR4_InterruptHandler                    nvCOMRAM     000032
_TMR4_SetInterruptHandler                 text15       0005C2
_TMR4_Start                               text12       0005E4
_TMR4_StartTimer                          text11       0005D6
_TRISA                                    (abs)        000F87
_TRISB                                    (abs)        000F88
_TRISC                                    (abs)        000F89
_WPUA                                     (abs)        000F0B
_WPUB                                     (abs)        000F13
_WPUC                                     (abs)        000F1B
_WPUE                                     (abs)        000F28
__HRAM                                    (abs)        000000
__Habs1                                   abs1         000000
__Hbank0                                  bank0        000000
__Hbank1                                  bank1        000000
__Hbank10                                 bank10       000000
__Hbank11                                 bank11       000000
__Hbank12                                 bank12       000000
__Hbank13                                 bank13       000000
__Hbank14                                 bank14       000000
__Hbank2                                  bank2        000000
__Hbank3                                  bank3        000000
__Hbank4                                  bank4        000000
__Hbank5                                  bank5        000000
__Hbank6                                  bank6        000000
__Hbank7                                  bank7        000000
__Hbank8                                  bank8        000000
__Hbank9                                  bank9        000000
__Hbigbss                                 bigbss       000000
__Hbigdata                                bigdata      000000
__Hbigram                                 bigram       000000
__Hbss                                    bss          000000
__HbssCOMRAM                              bssCOMRAM    000000
__Hcinit                                  cinit        000000
__Hclrtext                                clrtext      000000
__Hcomram                                 comram       000000
__Hconfig                                 config       30000C
__Hconst                                  const        000000
__HcstackCOMRAM                           cstackCOMRAM 000000
__Hdata                                   data         000000
__Heeprom_data                            eeprom_data  000000
__Hfarbss                                 farbss       000000
__Hfardata                                fardata      000000
__Hibigdata                               ibigdata     000000
__Hidata                                  idata        000000
__Hidloc                                  idloc        200100
__Hifardata                               ifardata     000000
__Hinit                                   init         00007A
__Hintcode                                intcode      000076
__Hintcode_body                           intcode_body 000000
__Hintcodelo                              intcodelo    000076
__Hintentry                               intentry     000000
__Hintret                                 intret       000000
__Hintsave_regs                           intsave_regs 000000
__Hirdata                                 irdata       000000
__Hmediumconst                            mediumconst  000000
__HnvCOMRAM                               nvCOMRAM     000000
__HnvFARRAM                               nvFARRAM     000000
__Hnvbit                                  nvbit        000000
__Hnvrram                                 nvrram       000000
__Hparam                                  rparam       000000
__Hpowerup                                powerup      000076
__Hram                                    ram          000000
__Hramtop                                 ramtop       000F00
__Hrbit                                   rbit         000000
__Hrbss                                   rbss         000000
__Hrdata                                  rdata        000000
__Hreset_vec                              reset_vec    000004
__Hrparam                                 rparam       000000
__Hsfr                                    sfr          000000
__Hsmallconst                             smallconst   000000
__Hspace_0                                (abs)        000F00
__Hspace_1                                (abs)        000039
__Hspace_2                                (abs)        000000
__Hspace_4                                (abs)        60000C
__Hstack                                  stack        000000
__Hstruct                                 struct       000000
__Htemp                                   temp         000039
__Htext                                   text         000000
__Htext0                                  text0        000000
__Htext1                                  text1        000000
__Htext10                                 text10       000000
__Htext11                                 text11       000000
__Htext12                                 text12       000000
__Htext13                                 text13       000000
__Htext14                                 text14       000000
__Htext15                                 text15       000000
__Htext16                                 text16       000000
__Htext17                                 text17       000000
__Htext18                                 text18       000000
__Htext19                                 text19       000000
__Htext2                                  text2        000000
__Htext20                                 text20       000000
__Htext21                                 text21       000000
__Htext22                                 text22       000000
__Htext23                                 text23       000000
__Htext24                                 text24       000000
__Htext26                                 text26       000000
__Htext27                                 text27       000000
__Htext28                                 text28       000000
__Htext29                                 text29       000000
__Htext3                                  text3        000000
__Htext30                                 text30       000000
__Htext31                                 text31       000000
__Htext32                                 text32       000000
__Htext33                                 text33       000000
__Htext4                                  text4        000000
__Htext5                                  text5        000000
__Htext6                                  text6        000000
__Htext7                                  text7        000000
__Htext8                                  text8        000000
__Htext9                                  text9        000000
__LRAM                                    (abs)        000001
__Labs1                                   abs1         000000
__Lbank0                                  bank0        000000
__Lbank1                                  bank1        000000
__Lbank10                                 bank10       000000
__Lbank11                                 bank11       000000
__Lbank12                                 bank12       000000
__Lbank13                                 bank13       000000
__Lbank14                                 bank14       000000
__Lbank2                                  bank2        000000
__Lbank3                                  bank3        000000
__Lbank4                                  bank4        000000
__Lbank5                                  bank5        000000
__Lbank6                                  bank6        000000
__Lbank7                                  bank7        000000
__Lbank8                                  bank8        000000
__Lbank9                                  bank9        000000
__Lbigbss                                 bigbss       000000
__Lbigdata                                bigdata      000000
__Lbigram                                 bigram       000000
__Lbss                                    bss          000000
__LbssCOMRAM                              bssCOMRAM    000000
__Lcinit                                  cinit        000000
__Lclrtext                                clrtext      000000
__Lcomram                                 comram       000000
__Lconfig                                 config       000000
__Lconst                                  const        000000
__LcstackCOMRAM                           cstackCOMRAM 000000
__Ldata                                   data         000000
__Leeprom_data                            eeprom_data  000000
__Lfarbss                                 farbss       000000
__Lfardata                                fardata      000000
__Libigdata                               ibigdata     000000
__Lidata                                  idata        000000
__Lidloc                                  idloc        000000
__Lifardata                               ifardata     000000
__Linit                                   init         000076
__Lintcode                                intcode      000008
__Lintcode_body                           intcode_body 000000
__Lintcodelo                              intcodelo    000076
__Lintentry                               intentry     000000
__Lintret                                 intret       000000
__Lintsave_regs                           intsave_regs 000000
__Lirdata                                 irdata       000000
__Lmediumconst                            mediumconst  000000
__LnvCOMRAM                               nvCOMRAM     000000
__LnvFARRAM                               nvFARRAM     000000
__Lnvbit                                  nvbit        000000
__Lnvrram                                 nvrram       000000
__Lparam                                  rparam       000000
__Lpowerup                                powerup      000076
__Lram                                    ram          000000
__Lramtop                                 ramtop       000F00
__Lrbit                                   rbit         000000
__Lrbss                                   rbss         000000
__Lrdata                                  rdata        000000
__Lreset_vec                              reset_vec    000000
__Lrparam                                 rparam       000000
__Lsfr                                    sfr          000000
__Lsmallconst                             smallconst   000000
__Lspace_0                                (abs)        000000
__Lspace_1                                (abs)        000000
__Lspace_2                                (abs)        000000
__Lspace_4                                (abs)        000000
__Lstack                                  stack        000000
__Lstruct                                 struct       000000
__Ltemp                                   temp         000038
__Ltext                                   text         000000
__Ltext0                                  text0        000000
__Ltext1                                  text1        000000
__Ltext10                                 text10       000000
__Ltext11                                 text11       000000
__Ltext12                                 text12       000000
__Ltext13                                 text13       000000
__Ltext14                                 text14       000000
__Ltext15                                 text15       000000
__Ltext16                                 text16       000000
__Ltext17                                 text17       000000
__Ltext18                                 text18       000000
__Ltext19                                 text19       000000
__Ltext2                                  text2        000000
__Ltext20                                 text20       000000
__Ltext21                                 text21       000000
__Ltext22                                 text22       000000
__Ltext23                                 text23       000000
__Ltext24                                 text24       000000
__Ltext26                                 text26       000000
__Ltext27                                 text27       000000
__Ltext28                                 text28       000000
__Ltext29                                 text29       000000
__Ltext3                                  text3        000000
__Ltext30                                 text30       000000
__Ltext31                                 text31       000000
__Ltext32                                 text32       000000
__Ltext33                                 text33       000000
__Ltext4                                  text4        000000
__Ltext5                                  text5        000000
__Ltext6                                  text6        000000
__Ltext7                                  text7        000000
__Ltext8                                  text8        000000
__Ltext9                                  text9        000000
__S0                                      (abs)        0005F0
__S1                                      (abs)        000039
__S2                                      (abs)        000000
__S4                                      (abs)        000000
__S5                                      (abs)        000000
___inthi_sp                               stack        000000
___intlo_sp                               stack        000000
___param_bank                             (abs)        000000
___rparam_used                            (abs)        000001
___sp                                     stack        000000
__accesstop                               (abs)        000060
__activetblptr                            (abs)        000002
__end_of_INTERRUPT_Initialize             text24       0005EC
__end_of_INTERRUPT_InterruptManager       intcode      000076
__end_of_OSCILLATOR_Initialize            text23       000564
__end_of_PIN_MANAGER_Initialize           text22       00030E
__end_of_PMD_Initialize                   text21       000518
__end_of_PWM1_Initialize                  text20       0005A0
__end_of_PWM1_LoadDutyValue               text8        000410
__end_of_PWM3_Initialize                  text19       00058C
__end_of_PWM3_LoadDutyValue               text7        0003B0
__end_of_PWM4_Initialize                  text18       000578
__end_of_PWM4_LoadDutyValue               text6        00037C
__end_of_SYSTEM_Initialize                text13       0004BA
__end_of_TMR0_CallBack                    text29       00043E
__end_of_TMR0_DefaultInterruptHandler     text30       0005F0
__end_of_TMR0_ISR                         text28       0005B2
__end_of_TMR0_Initialize                  text16       000348
__end_of_TMR0_SetInterruptHandler         text17       0005D6
__end_of_TMR4_DefaultInterruptHandler     text27       0005EE
__end_of_TMR4_ISR                         text26       0003E2
__end_of_TMR4_Initialize                  text14       000494
__end_of_TMR4_SetInterruptHandler         text15       0005CC
__end_of_TMR4_Start                       text12       0005E8
__end_of_TMR4_StartTimer                  text11       0005DC
__end_of__initialization                  cinit        000524
__end_of_appHandler                       text2        000194
__end_of_appInit                          text1        00046A
__end_of_getIsButtonChanging              text10       0005E4
__end_of_getIsButtonPressed               text9        0005E0
__end_of_main                             text0        0004FC
__end_of_msTick                           text31       00054C
__end_of_rgbButtonHandler                 text4        000258
__end_of_rgbButtonTick                    text32       0004E0
__end_of_setColor                         text3        0005C2
__end_of_updateColor                      text5        0002B4
__initialization                          cinit        000518
__mediumconst                             mediumconst  000000
__pbssCOMRAM                              bssCOMRAM    000001
__pcinit                                  cinit        000518
__pcstackCOMRAM                           cstackCOMRAM 000025
__pintcode                                intcode      000008
__pnvCOMRAM                               nvCOMRAM     000032
__ptext0                                  text0        0004E0
__ptext1                                  text1        00043E
__ptext10                                 text10       0005E0
__ptext11                                 text11       0005D6
__ptext12                                 text12       0005E4
__ptext13                                 text13       000494
__ptext14                                 text14       00046A
__ptext15                                 text15       0005C2
__ptext16                                 text16       00030E
__ptext17                                 text17       0005CC
__ptext18                                 text18       000564
__ptext19                                 text19       000578
__ptext2                                  text2        00007A
__ptext20                                 text20       00058C
__ptext21                                 text21       0004FC
__ptext22                                 text22       0002B4
__ptext23                                 text23       00054C
__ptext24                                 text24       0005E8
__ptext26                                 text26       0003B0
__ptext27                                 text27       0005EC
__ptext28                                 text28       0005A0
__ptext29                                 text29       000410
__ptext3                                  text3        0005B2
__ptext30                                 text30       0005EE
__ptext31                                 text31       000532
__ptext32                                 text32       0004BA
__ptext33                                 text33       000000
__ptext4                                  text4        000194
__ptext5                                  text5        000258
__ptext6                                  text6        000348
__ptext7                                  text7        00037C
__ptext8                                  text8        0003E2
__ptext9                                  text9        0005DC
__ramtop                                  ramtop       000F00
__size_of_INTERRUPT_Initialize            (abs)        000000
__size_of_INTERRUPT_InterruptManager      (abs)        000000
__size_of_OSCILLATOR_Initialize           (abs)        000000
__size_of_PIN_MANAGER_Initialize          (abs)        000000
__size_of_PMD_Initialize                  (abs)        000000
__size_of_PWM1_Initialize                 (abs)        000000
__size_of_PWM1_LoadDutyValue              (abs)        000000
__size_of_PWM3_Initialize                 (abs)        000000
__size_of_PWM3_LoadDutyValue              (abs)        000000
__size_of_PWM4_Initialize                 (abs)        000000
__size_of_PWM4_LoadDutyValue              (abs)        000000
__size_of_SYSTEM_Initialize               (abs)        000000
__size_of_TMR0_CallBack                   (abs)        000000
__size_of_TMR0_DefaultInterruptHandler    (abs)        000000
__size_of_TMR0_ISR                        (abs)        000000
__size_of_TMR0_Initialize                 (abs)        000000
__size_of_TMR0_SetInterruptHandler        (abs)        000000
__size_of_TMR4_DefaultInterruptHandler    (abs)        000000
__size_of_TMR4_ISR                        (abs)        000000
__size_of_TMR4_Initialize                 (abs)        000000
__size_of_TMR4_SetInterruptHandler        (abs)        000000
__size_of_TMR4_Start                      (abs)        000000
__size_of_TMR4_StartTimer                 (abs)        000000
__size_of_appHandler                      (abs)        000000
__size_of_appInit                         (abs)        000000
__size_of_getIsButtonChanging             (abs)        000000
__size_of_getIsButtonPressed              (abs)        000000
__size_of_main                            (abs)        000000
__size_of_msTick                          (abs)        000000
__size_of_rgbButtonHandler                (abs)        000000
__size_of_rgbButtonTick                   (abs)        000000
__size_of_setColor                        (abs)        000000
__size_of_updateColor                     (abs)        000000
__smallconst                              smallconst   000000
_appHandler                               text2        00007A
_appInit                                  text1        00043E
_cButton                                  bssCOMRAM    000001
_getIsButtonChanging                      text10       0005E0
_getIsButtonPressed                       text9        0005DC
_main                                     text0        0004E0
_msTick                                   text31       000532
_msTicks                                  bssCOMRAM    000013
_rgbButtonHandler                         text4        000194
_rgbButtonTick                            text32       0004BA
_setColor                                 text3        0005B2
_timer0ReloadVal16bit                     nvCOMRAM     000036
_updateColor                              text5        000258
appHandler@state                          bssCOMRAM    00001D
btemp                                     temp         000038
end_of_initialization                     cinit        000524
int$flags                                 temp         000038
intlevel0                                 text         000000
intlevel1                                 text         000000
intlevel2                                 text         000000
intlevel3                                 text         000000
isa$std                                   (abs)        000001
isa$xinst                                 (abs)        000000
rgbButtonHandler@debounceBuffer           bssCOMRAM    00001B
setColor@blue                             cstackCOMRAM 000028
setColor@green                            cstackCOMRAM 000027
setColor@red                              cstackCOMRAM 000029
stackhi                                   (abs)        000E1E
stacklo                                   (abs)        000060
start                                     init         000076
start_initialization                      cinit        000518
ttemp5                                    temp         000039
ttemp6                                    temp         00003C
ttemp7                                    temp         000040
updateColor@calculatedColorValue          cstackCOMRAM 00002C
wtemp8                                    temp         000039


MODULE INFORMATION

Module		Function		Class		Link	Load	Size
mcc_generated_files/tmr4.c
		_TMR4_ISR      		CODE           	03B0	0000	50
		_TMR4_Initialize		CODE           	046A	0000	42
		_TMR4_Start    		CODE           	05E4	0000	4
		_TMR4_SetInterruptHandler		CODE           	05C2	0000	10
		_TMR4_DefaultInterruptHandler		CODE           	05EC	0000	2
		_TMR4_StartTimer		CODE           	05D6	0000	6

mcc_generated_files/tmr4.c estimated size: 114

mcc_generated_files/pwm4.c
		_PWM4_Initialize		CODE           	0564	0000	20
		_PWM4_LoadDutyValue		CODE           	0348	0000	52

mcc_generated_files/pwm4.c estimated size: 72

mcc_generated_files/interrupt_manager.c
		_INTERRUPT_Initialize		CODE           	05E8	0000	4
		_INTERRUPT_InterruptManager		CODE           	0008	0000	110

mcc_generated_files/interrupt_manager.c estimated size: 114

mcc_generated_files/tmr0.c
		_TMR0_SetInterruptHandler		CODE           	05CC	0000	10
		_TMR0_DefaultInterruptHandler		CODE           	05EE	0000	2
		_TMR0_CallBack 		CODE           	0410	0000	46
		_TMR0_ISR      		CODE           	05A0	0000	18
		_TMR0_Initialize		CODE           	030E	0000	58

mcc_generated_files/tmr0.c estimated size: 134

mcc_generated_files/pin_manager.c
		_PIN_MANAGER_Initialize		CODE           	02B4	0000	90

mcc_generated_files/pin_manager.c estimated size: 90

shared
		__initialization		CODE           	0518	0000	12

shared estimated size: 12

app.c
		_msTick        		CODE           	0532	0000	26
		_appInit       		CODE           	043E	0000	44
		_appHandler    		CODE           	007A	0000	282

app.c estimated size: 352

mcc_generated_files/mcc.c
		_PMD_Initialize		CODE           	04FC	0000	28
		_OSCILLATOR_Initialize		CODE           	054C	0000	24
		_SYSTEM_Initialize		CODE           	0494	0000	38

mcc_generated_files/mcc.c estimated size: 90

mcc_generated_files/pwm3.c
		_PWM3_Initialize		CODE           	0578	0000	20
		_PWM3_LoadDutyValue		CODE           	037C	0000	52

mcc_generated_files/pwm3.c estimated size: 72

mcc_generated_files/pwm1.c
		_PWM1_Initialize		CODE           	058C	0000	20
		_PWM1_LoadDutyValue		CODE           	03E2	0000	46

mcc_generated_files/pwm1.c estimated size: 66

rgbButton.c
		_getIsButtonPressed		CODE           	05DC	0000	4
		_updateColor   		CODE           	0258	0000	92
		_rgbButtonTick 		CODE           	04BA	0000	38
		_rgbButtonHandler		CODE           	0194	0000	196
		_getIsButtonChanging		CODE           	05E0	0000	4
		_setColor      		CODE           	05B2	0000	16

rgbButton.c estimated size: 350

main.c
		_main          		CODE           	04E0	0000	28

main.c estimated size: 28

